2
1
2
1
3
3
2
1
2
1
5
7
6
11
10
11
20
31
30
33
32
41
40
43
42
41
40
